page                                      en  fi cov (miss/blank)  ja cov (miss/blank)  fr cov (miss/blank)  ko cov (miss/blank)
about/civilization                         38  100% (  0/  0)    0% ( 38/  0)    0% ( 38/  0)    0% ( 38/  0)
about/history                               4  100% (  0/  0)  100% (  0/  0)  100% (  0/  0)  100% (  0/  0)
articles/[slug]                             9  100% (  0/  0)  100% (  0/  0)  100% (  0/  0)  100% (  0/  0)
articles                                    4  100% (  0/  0)  100% (  0/  0)  100% (  0/  0)  100% (  0/  0)
behavior                                   37  100% (  0/  0)    0% ( 37/  0)    0% ( 37/  0)    0% ( 37/  0)
biology                                    26  100% (  0/  0)    0% ( 26/  0)    0% ( 26/  0)    0% ( 26/  0)
civilization                               35  100% (  0/  0)  100% (  0/  0)  100% (  0/  0)  100% (  0/  0)
civilization/pathopege                     64  100% (  0/  0)   84% (  0/ 10)   84% (  0/ 10)   84% (  0/ 10)
civilization/pathopolites                  78  100% (  0/  0)   85% (  0/ 12)   85% (  0/ 12)   85% (  0/ 12)
civilization/patokinesis                   67  100% (  0/  0)   34% (  0/ 44)   34% (  0/ 44)   34% (  0/ 44)
civilization/patokratia                   127  100% (  0/  0)    7% (110/  8)    7% (110/  8)    7% (110/  8)
civilization/patopolis                    171  100% (  0/  0)   78% (  0/ 38)   78% (  0/ 38)   78% (  0/ 38)
civilization/patopoliteia                 107  100% (  0/  0)   58% (  0/ 45)   58% (  0/ 45)   58% (  0/ 45)
ecology                                     4  100% (  0/  0)  100% (  0/  0)  100% (  0/  0)  100% (  0/  0)
epistemology                               63  100% (  0/  0)   78% (  0/ 14)   78% (  0/ 14)   78% (  0/ 14)
evidence/adhd-prototype                    19  100% (  0/  0)  100% (  0/  0)  100% (  0/  0)  100% (  0/  0)
evidence/allergy-epidemic                  19  100% (  0/  0)  100% (  0/  0)  100% (  0/  0)  100% (  0/  0)
evidence/amish-control                     20  100% (  0/  0)  100% (  0/  0)  100% (  0/  0)  100% (  0/  0)
evidence/autism-prototype                  21  100% (  0/  0)  100% (  0/  0)  100% (  0/  0)  100% (  0/  0)
evidence/bbb                               61  100% (  0/  0)  100% (  0/  0)  100% (  0/  0)  100% (  0/  0)
evidence/cascades                          83  100% (  0/  0)  100% (  0/  0)  100% (  0/  0)  100% (  0/  0)
evidence/chronic-pain                      20  100% (  0/  0)  100% (  0/  0)  100% (  0/  0)  100% (  0/  0)
evidence/circadian                         12  100% (  0/  0)  100% (  0/  0)  100% (  0/  0)  100% (  0/  0)
evidence/convergence                       21  100% (  0/  0)    0% ( 21/  0)    0% ( 21/  0)    0% ( 21/  0)
evidence/converging-patterns               18  100% (  0/  0)    0% ( 18/  0)    0% ( 18/  0)    0% ( 18/  0)
evidence/counter-evidence                  14  100% (  0/  0)  100% (  0/  0)  100% (  0/  0)  100% (  0/  0)
evidence/devices                           17  100% (  0/  0)  100% (  0/  0)  100% (  0/  0)  100% (  0/  0)
evidence/ecology                            9  100% (  0/  0)  100% (  0/  0)  100% (  0/  0)  100% (  0/  0)
evidence/epidemiology                       7  100% (  0/  0)  100% (  0/  0)  100% (  0/  0)  100% (  0/  0)
evidence/epigenetic-legacy                 21  100% (  0/  0)  100% (  0/  0)  100% (  0/  0)  100% (  0/  0)
evidence/evolution                         20  100% (  0/  0)  100% (  0/  0)  100% (  0/  0)  100% (  0/  0)
evidence/eyes                              33  100% (  0/  0)   45% (  0/ 18)   45% (  0/ 18)   45% (  0/ 18)
evidence/four-neurodegenerations           15  100% (  0/  0)  100% (  0/  0)  100% (  0/  0)  100% (  0/  0)
evidence/gut-brain-axis                    19  100% (  0/  0)  100% (  0/  0)  100% (  0/  0)  100% (  0/  0)
evidence/heavy-metal-synergy               33  100% (  0/  0)  100% (  0/  0)  100% (  0/  0)  100% (  0/  0)
evidence/heliobiology                      26  100% (  0/  0)  100% (  0/  0)  100% (  0/  0)  100% (  0/  0)
evidence/hidden-thyroid                    22  100% (  0/  0)  100% (  0/  0)  100% (  0/  0)  100% (  0/  0)
evidence/historical-convergence            23  100% (  0/  0)    0% ( 23/  0)    0% ( 23/  0)    0% ( 23/  0)
evidence/infant-vulnerability              54  100% (  0/  0)  100% (  0/  0)  100% (  0/  0)  100% (  0/  0)
evidence/iss-hypomagnetic                  13  100% (  0/  0)  100% (  0/  0)  100% (  0/  0)  100% (  0/  0)
evidence/klimentidis-explained             17  100% (  0/  0)  100% (  0/  0)  100% (  0/  0)  100% (  0/  0)
evidence/laschamp-reversal                 20  100% (  0/  0)  100% (  0/  0)  100% (  0/  0)  100% (  0/  0)
evidence/lighting                          13  100% (  0/  0)  100% (  0/  0)  100% (  0/  0)  100% (  0/  0)
evidence/magnetoreception                  12  100% (  0/  0)  100% (  0/  0)  100% (  0/  0)  100% (  0/  0)
evidence/natural-modulators                14  100% (  0/  0)  100% (  0/  0)  100% (  0/  0)  100% (  0/  0)
evidence/neurological-spectrum             46  100% (  0/  0)  100% (  0/  0)  100% (  0/  0)  100% (  0/  0)
evidence/nutrition                         24  100% (  0/  0)  100% (  0/  0)  100% (  0/  0)  100% (  0/  0)
evidence                                  241  100% (  0/  0)   81% ( 15/ 31)   81% ( 15/ 31)   81% ( 15/ 31)
evidence/pharmacology                      15  100% (  0/  0)  100% (  0/  0)  100% (  0/  0)  100% (  0/  0)
evidence/populations                       64  100% (  0/  0)  100% (  0/  0)  100% (  0/  0)  100% (  0/  0)
evidence/replication                       46  100% (  0/  0)  100% (  0/  0)  100% (  0/  0)  100% (  0/  0)
evidence/reproductive-arc                  17  100% (  0/  0)  100% (  0/  0)  100% (  0/  0)  100% (  0/  0)
evidence/reproductive-navigation           30  100% (  0/  0)   60% (  0/ 12)   60% (  0/ 12)   60% (  0/ 12)
evidence/response-conditions               17  100% (  0/  0)    0% ( 17/  0)    0% ( 17/  0)    0% ( 17/  0)
evidence/space-weather-biology             28  100% (  0/  0)  100% (  0/  0)  100% (  0/  0)  100% (  0/  0)
evidence/superposition                     24  100% (  0/  0)  100% (  0/  0)  100% (  0/  0)  100% (  0/  0)
evidence/technology                        34  100% (  0/  0)  100% (  0/  0)  100% (  0/  0)  100% (  0/  0)
evidence/testosterone                      31  100% (  0/  0)  100% (  0/  0)  100% (  0/  0)  100% (  0/  0)
evidence/timothy-experiment                19  100% (  0/  0)  100% (  0/  0)  100% (  0/  0)  100% (  0/  0)
evidence/triple-strikes                    21  100% (  0/  0)  100% (  0/  0)  100% (  0/  0)  100% (  0/  0)
evidence/unbroken-chain                    34  100% (  0/  0)  100% (  0/  0)  100% (  0/  0)  100% (  0/  0)
evidence/vitamin-d-channel-blocker         19  100% (  0/  0)  100% (  0/  0)  100% (  0/  0)  100% (  0/  0)
evidence/walker-chain                      15  100% (  0/  0)  100% (  0/  0)  100% (  0/  0)  100% (  0/  0)
explore                                     3  100% (  0/  0)  100% (  0/  0)  100% (  0/  0)  100% (  0/  0)
map                                         5  100% (  0/  0)  100% (  0/  0)  100% (  0/  0)  100% (  0/  0)
model/biological-coordination              43  100% (  0/  0)    0% ( 43/  0)    0% ( 43/  0)    0% ( 43/  0)
model/comparison                            3  100% (  0/  0)    0% (  3/  0)    0% (  3/  0)    0% (  3/  0)
model/dual-kernel                          11  100% (  0/  0)  100% (  0/  0)  100% (  0/  0)  100% (  0/  0)
model/frequency-weights                     3  100% (  0/  0)    0% (  3/  0)    0% (  3/  0)    0% (  3/  0)
model/q-factor                             15  100% (  0/  0)  100% (  0/  0)  100% (  0/  0)  100% (  0/  0)
model/tensor-derivation                     3  100% (  0/  0)    0% (  3/  0)    0% (  3/  0)    0% (  3/  0)
modulome/adrenal                           44  100% (  0/  0)  100% (  0/  0)  100% (  0/  0)  100% (  0/  0)
modulome/bat                               52  100% (  0/  0)  100% (  0/  0)  100% (  0/  0)  100% (  0/  0)
modulome/brain                             58  100% (  0/  0)  100% (  0/  0)  100% (  0/  0)  100% (  0/  0)
modulome/ear                               45  100% (  0/  0)  100% (  0/  0)  100% (  0/  0)  100% (  0/  0)
modulome/eye                               41  100% (  0/  0)  100% (  0/  0)  100% (  0/  0)  100% (  0/  0)
modulome/heart                             49  100% (  0/  0)  100% (  0/  0)  100% (  0/  0)  100% (  0/  0)
modulome/hypothalamus                      41  100% (  0/  0)  100% (  0/  0)  100% (  0/  0)  100% (  0/  0)
modulome                                   46  100% (  0/  0)  100% (  0/  0)  100% (  0/  0)  100% (  0/  0)
modulome/pain                              38  100% (  0/  0)  100% (  0/  0)  100% (  0/  0)  100% (  0/  0)
modulome/pancreas                          50  100% (  0/  0)  100% (  0/  0)  100% (  0/  0)  100% (  0/  0)
modulome/pituitary                         35  100% (  0/  0)  100% (  0/  0)  100% (  0/  0)  100% (  0/  0)
modulome/testes                            51  100% (  0/  0)  100% (  0/  0)  100% (  0/  0)  100% (  0/  0)
modulome/thyroid                           43  100% (  0/  0)  100% (  0/  0)  100% (  0/  0)  100% (  0/  0)
physics                                    22  100% (  0/  0)    0% ( 22/  0)    0% ( 22/  0)    0% ( 22/  0)
predictions                               327  100% (  0/  0)   99% (  0/  3)   99% (  0/  3)   99% (  0/  3)
references/[referenceId]                   12  100% (  0/  0)  100% (  0/  0)  100% (  0/  0)  100% (  0/  0)
references                                  4  100% (  0/  0)  100% (  0/  0)  100% (  0/  0)  100% (  0/  0)
sentinel                                   95  100% (  0/  0)  100% (  0/  0)  100% (  0/  0)  100% (  0/  0)

89 pages with COPY blocks; 0 blank English key(s).
