1. Checking node ID format...
2. Checking edge referential integrity...
3. Checking parent/child consistency...
4. Checking edge/parent-child agreement...
5. Checking graph is acyclic...
   No cycles found.
6. Checking UI group coverage...
7. Checking layer values...
8. Checking legacy alias uniqueness...
9. Checking claim ID format...
10. Checking claim targets...
11. Checking claim dependencies...
12. Checking evidence relations...
13. Checking epistemic assessments...
14. Checking required translations...
15. Checking root/terminal nodes...
   Root nodes (9): TECHNOLOGY_TIMING_PROXY, FIELDSTATE_VECTOR, FIELDSTATE_ENVELOPE, STATIC_TRIBO_INTERFACE, FIELDSTATE_LOW_FREQUENCY_ELECTRIC, LINDGREN_METRIC_DRIVE, DEMAND_OPPORTUNITY, TEMPO, ART_LIVE_BIRTH_DELIVERY
   Terminal nodes (4): BARRIER_RETINA, ECOLOGICAL_TRAIT_STATE, INSTITUTIONAL_MODEL_REUSE, TFR
16. Checking version format...
17. Checking route definitions...
18. Checking independence groups...
   5 independence group(s): direct-ros, circadian, demographic, coordination-synthesis, state-to-action-convergence
19. Checking BERM/FieldState architecture boundary...
20. Checking the V1-V25 publication gate...

──────────────────────────────────────────────────
Registry validation: 0 error(s), 14 warning(s)
  Graph: 47 nodes, 96 edges, 15 UI groups
  Claims: 99 claims, 186 evidence relations, 99 assessments
  Routes: 5 routes, 5 unique IDs
──────────────────────────────────────────────────

  WARN:  DKC release is not authorized: the route publishes as a candidate with the gate state shown
  WARN:  Publication blocked: no V1-V10-authorized DKC release artifact is present
  WARN:  Publication blocked: the DKC release evaluation does not pass V1-V10
  WARN:  Publication blocked: the evidence-search protocol audit has not passed
  WARN:  Publication blocked: critical point V1 is not PASS
  WARN:  Publication blocked: critical point V2 is not PASS
  WARN:  Publication blocked: critical point V3 is not PASS
  WARN:  Publication blocked: critical point V4 is not PASS
  WARN:  Publication blocked: critical point V5 is not PASS
  WARN:  Publication blocked: critical point V6 is not PASS
  WARN:  Publication blocked: critical point V7 is not PASS
  WARN:  Publication blocked: critical point V8 is not PASS
  WARN:  Publication blocked: critical point V9 is not PASS
  WARN:  Publication blocked: critical point V10 is not PASS
